cr_startup_lpc13.c:283:6:NMI_Handler	0	static
cr_startup_lpc13.c:290:6:HardFault_Handler	0	static
cr_startup_lpc13.c:297:6:MemManage_Handler	0	static
cr_startup_lpc13.c:304:6:BusFault_Handler	0	static
cr_startup_lpc13.c:311:6:UsageFault_Handler	0	static
cr_startup_lpc13.c:318:6:SVCall_Handler	0	static
cr_startup_lpc13.c:325:6:DebugMon_Handler	0	static
cr_startup_lpc13.c:332:6:PendSV_Handler	0	static
cr_startup_lpc13.c:339:6:SysTick_Handler	0	static
cr_startup_lpc13.c:353:13:IntDefaultHandler	0	static
cr_startup_lpc13.c:227:1:Reset_Handler	8	static
