vs-wrc103.c:22:16:getMainCycle	0	static
vs-wrc103.c:27:15:Sync	12	static
vs-wrc103.c:195:6:Mtr_Run_lv	64	static
vs-wrc103.c:246:6:Timer32Init	0	static
vs-wrc103.c:279:6:Timer16Init	0	static
vs-wrc103.c:321:6:ADCInit	0	static
vs-wrc103.c:52:6:Init	16	static
vs-wrc103.c:343:16:ADRead	0	static
vs-wrc103.c:410:6:LED	8	static
vs-wrc103.c:416:15:getSW	8	static
vs-wrc103.c:464:6:PadWait	0	static
vs-wrc103.c:471:9:Ds2rw	24	static
vs-wrc103.c:506:6:Ds2Com	24	static
vs-wrc103.c:519:5:PS_Set_AN	16	static
vs-wrc103.c:548:6:updatePAD	8	static
vs-wrc103.c:580:7:getPAD	0	static
vs-wrc103.c:587:6:Wait	8	static
vs-wrc103.c:597:6:BuzzerSet	0	static
vs-wrc103.c:601:6:BuzzerStart	8	static
vs-wrc103.c:610:6:BuzzerStop	0	static
vs-wrc103.c:616:6:isBuzzer	0	static
vs-wrc103.c:620:6:TIMER32_0_IRQHandler	16	static
vs-wrc103.c:649:6:InitEncoder	16	static
vs-wrc103.c:711:6:ClearEncoder	0	static
vs-wrc103.c:716:6:GetEncoder	0	static
vs-wrc103.c:721:6:IntEncoder	16	static
vs-wrc103.c:767:6:PIOINT0_IRQHandler	0	static
vs-wrc103.c:770:6:PIOINT1_IRQHandler	0	static
vs-wrc103.c:773:6:PIOINT2_IRQHandler	0	static
