Archive member included to satisfy reference by file (symbol)

C:/Users/photo/Documents/MCUXpressoIDE_11.2.1_4149/workspace/motor/lib\libCMSISv1p30_LPC13xx.a(system_LPC13xx.o)
                              ./src/cr_startup_lpc13.o (SystemInit)

Allocating common symbols
Common symbol       size              file

WDF                 0x1               ./src/vs-wrc103.o
I2CReadLength       0x4               ./src/ixbus.o
I2CSlaveBuffer      0x6               ./src/ixbus.o
adtemp              0x10              ./src/ixbus.o
USB_InPutData       0x40              ./src/main.o
iBuzzerPitch        0x4               ./src/vs-wrc103.o
enc_A               0x4               ./src/vs-wrc103.o
bBuzzerFlag         0x1               ./src/vs-wrc103.o
I2CMode             0x4               ./src/ixbus.o
PS_DATA             0x14              ./src/vs-wrc103.o
I2CMasterBuffer     0x6               ./src/ixbus.o
memmap              0x80              ./src/main.o
enc_B               0x4               ./src/vs-wrc103.o
MainCnt             0x2               ./src/vs-wrc103.o
I2CWriteLength      0x4               ./src/ixbus.o
USB_OutPutData      0x40              ./src/main.o
bSendUSBdata        0x1               ./src/main.o
isUSB_data_sending  0x1               ./src/main.o

Discarded input sections

 .group         0x00000000        0xc ./src/cr_startup_lpc13.o
 .group         0x00000000        0xc ./src/cr_startup_lpc13.o
 .group         0x00000000        0xc ./src/cr_startup_lpc13.o
 .group         0x00000000        0xc ./src/cr_startup_lpc13.o
 .text          0x00000000        0x0 ./src/cr_startup_lpc13.o
 .data          0x00000000        0x0 ./src/cr_startup_lpc13.o
 .bss           0x00000000        0x0 ./src/cr_startup_lpc13.o
 .group         0x00000000        0xc ./src/gpio.o
 .group         0x00000000        0xc ./src/gpio.o
 .group         0x00000000        0xc ./src/gpio.o
 .group         0x00000000        0xc ./src/gpio.o
 .group         0x00000000        0xc ./src/gpio.o
 .group         0x00000000        0xc ./src/gpio.o
 .group         0x00000000        0xc ./src/gpio.o
 .group         0x00000000        0xc ./src/gpio.o
 .group         0x00000000        0xc ./src/gpio.o
 .text          0x00000000        0x0 ./src/gpio.o
 .data          0x00000000        0x0 ./src/gpio.o
 .bss           0x00000000        0x0 ./src/gpio.o
 .text.GPIOGetValueBit
                0x00000000       0x4c ./src/gpio.o
 .text.GPIOGetValue
                0x00000000        0xe ./src/gpio.o
 .text.GPIOSetInterrupt
                0x00000000      0x124 ./src/gpio.o
 .text.GPIOIntEnable
                0x00000000       0x4c ./src/gpio.o
 .text.GPIOIntDisable
                0x00000000       0x50 ./src/gpio.o
 .text.GPIOIntStatus
                0x00000000       0x48 ./src/gpio.o
 .text.GPIOIntClear
                0x00000000       0x4c ./src/gpio.o
 .debug_macro   0x00000000      0xaae ./src/gpio.o
 .debug_macro   0x00000000       0x10 ./src/gpio.o
 .debug_macro   0x00000000      0x12e ./src/gpio.o
 .debug_macro   0x00000000      0x5b3 ./src/gpio.o
 .group         0x00000000        0xc ./src/ixbus.o
 .group         0x00000000        0xc ./src/ixbus.o
 .group         0x00000000        0xc ./src/ixbus.o
 .group         0x00000000        0xc ./src/ixbus.o
 .group         0x00000000        0xc ./src/ixbus.o
 .group         0x00000000        0xc ./src/ixbus.o
 .group         0x00000000        0xc ./src/ixbus.o
 .group         0x00000000        0xc ./src/ixbus.o
 .group         0x00000000        0xc ./src/ixbus.o
 .group         0x00000000        0xc ./src/ixbus.o
 .text          0x00000000        0x0 ./src/ixbus.o
 .data          0x00000000        0x0 ./src/ixbus.o
 .text.I2CStart
                0x00000000       0x24 ./src/ixbus.o
 .text.I2CStop  0x00000000       0x16 ./src/ixbus.o
 .text.I2C_init
                0x00000000       0x64 ./src/ixbus.o
 .text.I2CEngine
                0x00000000       0x30 ./src/ixbus.o
 .rodata.str1.1
                0x00000000        0x9 ./src/ixbus.o
 .text.Get_IX008
                0x00000000       0x98 ./src/ixbus.o
 .debug_macro   0x00000000      0xaae ./src/ixbus.o
 .debug_macro   0x00000000       0x1c ./src/ixbus.o
 .debug_macro   0x00000000       0x22 ./src/ixbus.o
 .debug_macro   0x00000000       0x10 ./src/ixbus.o
 .debug_macro   0x00000000      0x12e ./src/ixbus.o
 .debug_macro   0x00000000      0x5b3 ./src/ixbus.o
 .debug_macro   0x00000000      0x7b7 ./src/ixbus.o
 .debug_macro   0x00000000      0x115 ./src/ixbus.o
 .group         0x00000000        0xc ./src/main.o
 .group         0x00000000        0xc ./src/main.o
 .group         0x00000000        0xc ./src/main.o
 .group         0x00000000        0xc ./src/main.o
 .group         0x00000000        0xc ./src/main.o
 .group         0x00000000        0xc ./src/main.o
 .group         0x00000000        0xc ./src/main.o
 .group         0x00000000        0xc ./src/main.o
 .group         0x00000000        0xc ./src/main.o
 .group         0x00000000        0xc ./src/main.o
 .group         0x00000000        0xc ./src/main.o
 .text          0x00000000        0x0 ./src/main.o
 .data          0x00000000        0x0 ./src/main.o
 .bss           0x00000000        0x0 ./src/main.o
 .text.run      0x00000000       0x32 ./src/main.o
 .debug_macro   0x00000000      0xaae ./src/main.o
 .debug_macro   0x00000000       0x1c ./src/main.o
 .debug_macro   0x00000000       0x22 ./src/main.o
 .debug_macro   0x00000000       0x10 ./src/main.o
 .debug_macro   0x00000000      0x12e ./src/main.o
 .debug_macro   0x00000000      0x5b3 ./src/main.o
 .debug_macro   0x00000000      0x7b7 ./src/main.o
 .debug_macro   0x00000000      0x115 ./src/main.o
 .debug_macro   0x00000000       0x22 ./src/main.o
 .debug_macro   0x00000000       0xac ./src/main.o
 .group         0x00000000        0xc ./src/vs-wrc103.o
 .group         0x00000000        0xc ./src/vs-wrc103.o
 .group         0x00000000        0xc ./src/vs-wrc103.o
 .group         0x00000000        0xc ./src/vs-wrc103.o
 .group         0x00000000        0xc ./src/vs-wrc103.o
 .group         0x00000000        0xc ./src/vs-wrc103.o
 .group         0x00000000        0xc ./src/vs-wrc103.o
 .group         0x00000000        0xc ./src/vs-wrc103.o
 .group         0x00000000        0xc ./src/vs-wrc103.o
 .group         0x00000000        0xc ./src/vs-wrc103.o
 .text          0x00000000        0x0 ./src/vs-wrc103.o
 .data          0x00000000        0x0 ./src/vs-wrc103.o
 .text.getMainCycle
                0x00000000        0xc ./src/vs-wrc103.o
 .text.ADRead   0x00000000       0x70 ./src/vs-wrc103.o
 .text.getSW    0x00000000       0x12 ./src/vs-wrc103.o
 .text.PadWait  0x00000000        0xe ./src/vs-wrc103.o
 .text.Ds2rw    0x00000000       0x76 ./src/vs-wrc103.o
 .text.Ds2Com   0x00000000       0x44 ./src/vs-wrc103.o
 .text.PS_Set_AN
                0x00000000       0x98 ./src/vs-wrc103.o
 .text.updatePAD
                0x00000000       0x60 ./src/vs-wrc103.o
 .text.getPAD   0x00000000       0x14 ./src/vs-wrc103.o
 .text.BuzzerSet
                0x00000000       0x10 ./src/vs-wrc103.o
 .text.BuzzerStart
                0x00000000       0x34 ./src/vs-wrc103.o
 .text.BuzzerStop
                0x00000000       0x1c ./src/vs-wrc103.o
 .text.isBuzzer
                0x00000000        0xc ./src/vs-wrc103.o
 .text.InitEncoder
                0x00000000       0xe0 ./src/vs-wrc103.o
 .text.ClearEncoder
                0x00000000       0x14 ./src/vs-wrc103.o
 .text.GetEncoder
                0x00000000       0x18 ./src/vs-wrc103.o
 .debug_macro   0x00000000      0xaae ./src/vs-wrc103.o
 .debug_macro   0x00000000       0x1c ./src/vs-wrc103.o
 .debug_macro   0x00000000       0x22 ./src/vs-wrc103.o
 .debug_macro   0x00000000       0x10 ./src/vs-wrc103.o
 .debug_macro   0x00000000      0x12e ./src/vs-wrc103.o
 .debug_macro   0x00000000      0x5b3 ./src/vs-wrc103.o
 .debug_macro   0x00000000      0x7b7 ./src/vs-wrc103.o
 .debug_macro   0x00000000      0x115 ./src/vs-wrc103.o
 .debug_macro   0x00000000       0x22 ./src/vs-wrc103.o
 .debug_macro   0x00000000       0x1c ./src/vs-wrc103.o
 .text          0x00000000        0x0 C:/Users/photo/Documents/MCUXpressoIDE_11.2.1_4149/workspace/motor/lib\libCMSISv1p30_LPC13xx.a(system_LPC13xx.o)
 .data          0x00000000        0x4 C:/Users/photo/Documents/MCUXpressoIDE_11.2.1_4149/workspace/motor/lib\libCMSISv1p30_LPC13xx.a(system_LPC13xx.o)
 .bss           0x00000000        0x0 C:/Users/photo/Documents/MCUXpressoIDE_11.2.1_4149/workspace/motor/lib\libCMSISv1p30_LPC13xx.a(system_LPC13xx.o)
 .text.SystemCoreClockUpdate
                0x00000000      0x150 C:/Users/photo/Documents/MCUXpressoIDE_11.2.1_4149/workspace/motor/lib\libCMSISv1p30_LPC13xx.a(system_LPC13xx.o)

Memory Configuration

Name             Origin             Length             Attributes
MFlash32         0x00000000         0x00007000         xr
FlashMap         0x00007000         0x00001000         xr
RamLoc8          0x10000000         0x00002000         xrw
*default*        0x00000000         0xffffffff

Linker script and memory map

LOAD ./src/cr_startup_lpc13.o
LOAD ./src/gpio.o
LOAD ./src/ixbus.o
LOAD ./src/main.o
LOAD ./src/vs-wrc103.o
LOAD C:/Users/photo/Documents/MCUXpressoIDE_11.2.1_4149/workspace/motor/lib\libCMSISv1p30_LPC13xx.a
START GROUP
LOAD c:/nxp/mcuxpressoide_11.2.1_4149/ide/plugins/com.nxp.mcuxpresso.tools.win32_11.2.0.202008311134/tools/bin/../lib/gcc/arm-none-eabi/9.2.1/../../../../arm-none-eabi/lib/thumb/v7-m/nofp\libcr_semihost.a
LOAD c:/nxp/mcuxpressoide_11.2.1_4149/ide/plugins/com.nxp.mcuxpresso.tools.win32_11.2.0.202008311134/tools/bin/../lib/gcc/arm-none-eabi/9.2.1/../../../../arm-none-eabi/lib/thumb/v7-m/nofp\libcr_c.a
LOAD c:/nxp/mcuxpressoide_11.2.1_4149/ide/plugins/com.nxp.mcuxpresso.tools.win32_11.2.0.202008311134/tools/bin/../lib/gcc/arm-none-eabi/9.2.1/thumb/v7-m/nofp\libcr_eabihelpers.a
END GROUP
                0x00007000                __top_MFlash32 = 0x7000
                0x00008000                __top_FlashMap = 0x8000
                0x10002000                __top_RamLoc8 = 0x10002000

.text           0x00000000      0xadd
 *(.isr_vector)
 .isr_vector    0x00000000      0x124 ./src/cr_startup_lpc13.o
                0x00000000                g_pfnVectors
 *(.text*)
 .text.NMI_Handler
                0x00000124        0x2 ./src/cr_startup_lpc13.o
                0x00000124                NMI_Handler
 .text.HardFault_Handler
                0x00000126        0x2 ./src/cr_startup_lpc13.o
                0x00000126                HardFault_Handler
 .text.MemManage_Handler
                0x00000128        0x2 ./src/cr_startup_lpc13.o
                0x00000128                MemManage_Handler
 .text.BusFault_Handler
                0x0000012a        0x2 ./src/cr_startup_lpc13.o
                0x0000012a                BusFault_Handler
 .text.UsageFault_Handler
                0x0000012c        0x2 ./src/cr_startup_lpc13.o
                0x0000012c                UsageFault_Handler
 .text.SVCall_Handler
                0x0000012e        0x2 ./src/cr_startup_lpc13.o
                0x0000012e                SVCall_Handler
 .text.DebugMon_Handler
                0x00000130        0x2 ./src/cr_startup_lpc13.o
                0x00000130                DebugMon_Handler
 .text.PendSV_Handler
                0x00000132        0x2 ./src/cr_startup_lpc13.o
                0x00000132                PendSV_Handler
 .text.SysTick_Handler
                0x00000134        0x2 ./src/cr_startup_lpc13.o
                0x00000134                SysTick_Handler
 .text.IntDefaultHandler
                0x00000136        0x2 ./src/cr_startup_lpc13.o
                0x00000136                TIMER16_0_IRQHandler
                0x00000136                UART_IRQHandler
                0x00000136                TIMER32_1_IRQHandler
                0x00000136                SSP_IRQHandler
                0x00000136                TIMER16_1_IRQHandler
                0x00000136                USB_FIQHandler
                0x00000136                ADC_IRQHandler
                0x00000136                USB_IRQHandler
                0x00000136                BOD_IRQHandler
                0x00000136                WAKEUP_IRQHandler
                0x00000136                WDT_IRQHandler
                0x00000136                PIOINT3_IRQHandler
                0x00000136                FMC_IRQHandler
 .text.Reset_Handler
                0x00000138       0x54 ./src/cr_startup_lpc13.o
                0x00000138                ResetISR
                0x00000138                Reset_Handler
 .text.GPIOSetDir
                0x0000018c       0x5c ./src/gpio.o
                0x0000018c                GPIOSetDir
 .text.GPIOSetValue
                0x000001e8       0x4c ./src/gpio.o
                0x000001e8                GPIOSetValue
 .text.I2C_IRQHandler
                0x00000234      0x168 ./src/ixbus.o
                0x00000234                I2C_IRQHandler
 .text.motor    0x0000039c       0x1a ./src/main.o
                0x0000039c                motor
 .text.stop     0x000003b6        0x8 ./src/main.o
                0x000003b6                stop
 .text.one      0x000003be        0x6 ./src/main.o
                0x000003be                one
 .text.step     0x000003c4       0x14 ./src/main.o
                0x000003c4                step
 .text.startup.main
                0x000003d8       0x2c ./src/main.o
                0x000003d8                main
 .text.Sync     0x00000404       0x58 ./src/vs-wrc103.o
                0x00000404                Sync
 .text.Mtr_Run_lv
                0x0000045c       0xc0 ./src/vs-wrc103.o
                0x0000045c                Mtr_Run_lv
 .text.Timer32Init
                0x0000051c       0x3c ./src/vs-wrc103.o
                0x0000051c                Timer32Init
 .text.Timer16Init
                0x00000558       0x64 ./src/vs-wrc103.o
                0x00000558                Timer16Init
 .text.ADCInit  0x000005bc       0x2c ./src/vs-wrc103.o
                0x000005bc                ADCInit
 .text.Init     0x000005e8      0x274 ./src/vs-wrc103.o
                0x000005e8                Init
 .text.LED      0x0000085c       0x20 ./src/vs-wrc103.o
                0x0000085c                LED
 .text.Wait     0x0000087c       0x20 ./src/vs-wrc103.o
                0x0000087c                Wait
 .text.TIMER32_0_IRQHandler
                0x0000089c       0x80 ./src/vs-wrc103.o
                0x0000089c                TIMER32_0_IRQHandler
 .text.IntEncoder
                0x0000091c       0x98 ./src/vs-wrc103.o
                0x0000091c                IntEncoder
 .text.PIOINT0_IRQHandler
                0x000009b4        0x4 ./src/vs-wrc103.o
                0x000009b4                PIOINT0_IRQHandler
 .text.PIOINT1_IRQHandler
                0x000009b8        0x4 ./src/vs-wrc103.o
                0x000009b8                PIOINT1_IRQHandler
 .text.PIOINT2_IRQHandler
                0x000009bc        0x4 ./src/vs-wrc103.o
                0x000009bc                PIOINT2_IRQHandler
 .text.SystemInit
                0x000009c0       0xe0 C:/Users/photo/Documents/MCUXpressoIDE_11.2.1_4149/workspace/motor/lib\libCMSISv1p30_LPC13xx.a(system_LPC13xx.o)
                0x000009c0                SystemInit
 *(.rodata*)
 .rodata        0x00000aa0       0x3d ./src/vs-wrc103.o
                0x00000acd                enctbl

.glue_7         0x00000ae0        0x0
 .glue_7        0x00000ae0        0x0 linker stubs

.glue_7t        0x00000ae0        0x0
 .glue_7t       0x00000ae0        0x0 linker stubs

.vfp11_veneer   0x00000ae0        0x0
 .vfp11_veneer  0x00000ae0        0x0 linker stubs

.v4_bx          0x00000ae0        0x0
 .v4_bx         0x00000ae0        0x0 linker stubs

.iplt           0x00000ae0        0x0
 .iplt          0x00000ae0        0x0 ./src/cr_startup_lpc13.o

.rel.dyn        0x00000ae0        0x0
 .rel.iplt      0x00000ae0        0x0 ./src/cr_startup_lpc13.o

.ARM.extab
 *(.ARM.extab* .gnu.linkonce.armextab.*)
                0x00000add                __exidx_start = .

.ARM.exidx
 *(.ARM.exidx* .gnu.linkonce.armexidx.*)
                0x00000add                __exidx_end = .
                0x00000add                _etext = .

.cmap
 *(.Const_Map*)

.data           0x10000000        0x0 load address 0x00000add
                0x10000000                _data = .
 *(vtable)
 *(.data*)
                0x10000000                _edata = .

.igot.plt       0x10000000        0x0 load address 0x00000add
 .igot.plt      0x10000000        0x0 ./src/cr_startup_lpc13.o

.bss            0x10000000      0x19a load address 0x00000add
                0x10000000                _bss = .
 *(.bss*)
 .bss           0x10000000       0x1c ./src/ixbus.o
                0x10000004                WrIndex
                0x10000008                I2CMasterState
                0x1000000c                RdIndex
                0x10000010                I2CEndFlag
                0x10000014                I2CCount
                0x10000018                I2CSlaveState
 .bss           0x1000001c       0x22 ./src/vs-wrc103.o
                0x1000003d                EncFlag
 *(COMMON)
 *fill*         0x1000003e        0x2 
 COMMON         0x10000040       0x2c ./src/ixbus.o
                0x10000040                I2CReadLength
                0x10000044                I2CSlaveBuffer
                0x1000004a                adtemp
                0x1000005c                I2CMode
                0x10000060                I2CMasterBuffer
                0x10000068                I2CWriteLength
 COMMON         0x1000006c      0x102 ./src/main.o
                0x1000006c                USB_InPutData
                0x100000ac                memmap
                0x1000012c                USB_OutPutData
                0x1000016c                bSendUSBdata
                0x1000016d                isUSB_data_sending
 *fill*         0x1000016e        0x2 
 COMMON         0x10000170       0x2a ./src/vs-wrc103.o
                0x10000170                WDF
                0x10000174                iBuzzerPitch
                0x10000178                enc_A
                0x1000017c                bBuzzerFlag
                0x1000017e                PS_DATA
                0x10000194                enc_B
                0x10000198                MainCnt
                0x1000019a                _ebss = .

.cr_heap        0x1000019a        0x0 load address 0x00000add
                0x1000019a                end = .
                0x1000019a                _pvHeapStart = .
                0x10002000                _vRamTop = __top_RamLoc8
                0x10002000                _vStackTop = (_vRamTop - 0x0)
OUTPUT(motor.axf elf32-littlearm)

.debug_info     0x00000000     0x3c07
 .debug_info    0x00000000      0x28a ./src/cr_startup_lpc13.o
 .debug_info    0x0000028a      0x4a0 ./src/gpio.o
 .debug_info    0x0000072a      0xe3e ./src/ixbus.o
 .debug_info    0x00001568      0x3aa ./src/main.o
 .debug_info    0x00001912     0x1da5 ./src/vs-wrc103.o
 .debug_info    0x000036b7      0x550 C:/Users/photo/Documents/MCUXpressoIDE_11.2.1_4149/workspace/motor/lib\libCMSISv1p30_LPC13xx.a(system_LPC13xx.o)

.debug_abbrev   0x00000000      0xe63
 .debug_abbrev  0x00000000      0x123 ./src/cr_startup_lpc13.o
 .debug_abbrev  0x00000123      0x1fb ./src/gpio.o
 .debug_abbrev  0x0000031e      0x2cf ./src/ixbus.o
 .debug_abbrev  0x000005ed      0x1eb ./src/main.o
 .debug_abbrev  0x000007d8      0x598 ./src/vs-wrc103.o
 .debug_abbrev  0x00000d70       0xf3 C:/Users/photo/Documents/MCUXpressoIDE_11.2.1_4149/workspace/motor/lib\libCMSISv1p30_LPC13xx.a(system_LPC13xx.o)

.debug_loc      0x00000000     0x13bc
 .debug_loc     0x00000000       0x7c ./src/cr_startup_lpc13.o
 .debug_loc     0x0000007c      0x91a ./src/gpio.o
 .debug_loc     0x00000996      0x283 ./src/ixbus.o
 .debug_loc     0x00000c19       0x8f ./src/main.o
 .debug_loc     0x00000ca8      0x612 ./src/vs-wrc103.o
 .debug_loc     0x000012ba      0x102 C:/Users/photo/Documents/MCUXpressoIDE_11.2.1_4149/workspace/motor/lib\libCMSISv1p30_LPC13xx.a(system_LPC13xx.o)

.debug_aranges  0x00000000      0x278
 .debug_aranges
                0x00000000       0x70 ./src/cr_startup_lpc13.o
 .debug_aranges
                0x00000070       0x60 ./src/gpio.o
 .debug_aranges
                0x000000d0       0x48 ./src/ixbus.o
 .debug_aranges
                0x00000118       0x48 ./src/main.o
 .debug_aranges
                0x00000160       0xf0 ./src/vs-wrc103.o
 .debug_aranges
                0x00000250       0x28 C:/Users/photo/Documents/MCUXpressoIDE_11.2.1_4149/workspace/motor/lib\libCMSISv1p30_LPC13xx.a(system_LPC13xx.o)

.debug_ranges   0x00000000      0x288
 .debug_ranges  0x00000000       0x60 ./src/cr_startup_lpc13.o
 .debug_ranges  0x00000060       0x50 ./src/gpio.o
 .debug_ranges  0x000000b0       0x50 ./src/ixbus.o
 .debug_ranges  0x00000100       0x58 ./src/main.o
 .debug_ranges  0x00000158      0x110 ./src/vs-wrc103.o
 .debug_ranges  0x00000268       0x20 C:/Users/photo/Documents/MCUXpressoIDE_11.2.1_4149/workspace/motor/lib\libCMSISv1p30_LPC13xx.a(system_LPC13xx.o)

.debug_macro    0x00000000     0x1e2f
 .debug_macro   0x00000000       0x52 ./src/cr_startup_lpc13.o
 .debug_macro   0x00000052      0xaae ./src/cr_startup_lpc13.o
 .debug_macro   0x00000b00       0x10 ./src/cr_startup_lpc13.o
 .debug_macro   0x00000b10      0x12e ./src/cr_startup_lpc13.o
 .debug_macro   0x00000c3e      0x5b3 ./src/cr_startup_lpc13.o
 .debug_macro   0x000011f1       0x6b ./src/gpio.o
 .debug_macro   0x0000125c       0x1c ./src/gpio.o
 .debug_macro   0x00001278       0x22 ./src/gpio.o
 .debug_macro   0x0000129a      0x7b7 ./src/gpio.o
 .debug_macro   0x00001a51      0x115 ./src/gpio.o
 .debug_macro   0x00001b66       0x22 ./src/gpio.o
 .debug_macro   0x00001b88       0x74 ./src/ixbus.o
 .debug_macro   0x00001bfc       0x1c ./src/ixbus.o
 .debug_macro   0x00001c18       0xac ./src/ixbus.o
 .debug_macro   0x00001cc4       0x7d ./src/main.o
 .debug_macro   0x00001d41       0x1c ./src/main.o
 .debug_macro   0x00001d5d       0xd2 ./src/vs-wrc103.o

.debug_line     0x00000000     0x2682
 .debug_line    0x00000000      0x3a2 ./src/cr_startup_lpc13.o
 .debug_line    0x000003a2      0x658 ./src/gpio.o
 .debug_line    0x000009fa      0x709 ./src/ixbus.o
 .debug_line    0x00001103      0x323 ./src/main.o
 .debug_line    0x00001426      0xf32 ./src/vs-wrc103.o
 .debug_line    0x00002358      0x32a C:/Users/photo/Documents/MCUXpressoIDE_11.2.1_4149/workspace/motor/lib\libCMSISv1p30_LPC13xx.a(system_LPC13xx.o)

.debug_str      0x00000000     0x8dc6
 .debug_str     0x00000000     0x4620 ./src/cr_startup_lpc13.o
                               0x46bb (size before relaxing)
 .debug_str     0x00004620     0x35f8 ./src/gpio.o
                               0x7b34 (size before relaxing)
 .debug_str     0x00007c18      0xc02 ./src/ixbus.o
                               0x8630 (size before relaxing)
 .debug_str     0x0000881a       0xb2 ./src/main.o
                               0x7d2b (size before relaxing)
 .debug_str     0x000088cc      0x465 ./src/vs-wrc103.o
                               0x87db (size before relaxing)
 .debug_str     0x00008d31       0x95 C:/Users/photo/Documents/MCUXpressoIDE_11.2.1_4149/workspace/motor/lib\libCMSISv1p30_LPC13xx.a(system_LPC13xx.o)
                                0x3f3 (size before relaxing)

.comment        0x00000000       0xa4
 .comment       0x00000000       0x79 ./src/cr_startup_lpc13.o
                                 0x7a (size before relaxing)
 .comment       0x00000079       0x7a ./src/gpio.o
 .comment       0x00000079       0x7a ./src/ixbus.o
 .comment       0x00000079       0x7a ./src/main.o
 .comment       0x00000079       0x7a ./src/vs-wrc103.o
 .comment       0x00000079       0x2b C:/Users/photo/Documents/MCUXpressoIDE_11.2.1_4149/workspace/motor/lib\libCMSISv1p30_LPC13xx.a(system_LPC13xx.o)

.ARM.attributes
                0x00000000       0x2d
 .ARM.attributes
                0x00000000       0x2d ./src/cr_startup_lpc13.o
 .ARM.attributes
                0x0000002d       0x2d ./src/gpio.o
 .ARM.attributes
                0x0000005a       0x2d ./src/ixbus.o
 .ARM.attributes
                0x00000087       0x2d ./src/main.o
 .ARM.attributes
                0x000000b4       0x2d ./src/vs-wrc103.o
 .ARM.attributes
                0x000000e1       0x31 C:/Users/photo/Documents/MCUXpressoIDE_11.2.1_4149/workspace/motor/lib\libCMSISv1p30_LPC13xx.a(system_LPC13xx.o)

.debug_frame    0x00000000      0x594
 .debug_frame   0x00000000       0xc8 ./src/cr_startup_lpc13.o
 .debug_frame   0x000000c8       0xcc ./src/gpio.o
 .debug_frame   0x00000194       0x9c ./src/ixbus.o
 .debug_frame   0x00000230       0x9c ./src/main.o
 .debug_frame   0x000002cc      0x298 ./src/vs-wrc103.o
 .debug_frame   0x00000564       0x30 C:/Users/photo/Documents/MCUXpressoIDE_11.2.1_4149/workspace/motor/lib\libCMSISv1p30_LPC13xx.a(system_LPC13xx.o)

.debug_macinfo  0x00000000     0x62a4
 .debug_macinfo
                0x00000000     0x62a4 C:/Users/photo/Documents/MCUXpressoIDE_11.2.1_4149/workspace/motor/lib\libCMSISv1p30_LPC13xx.a(system_LPC13xx.o)

.debug_pubnames
                0x00000000       0x4f
 .debug_pubnames
                0x00000000       0x4f C:/Users/photo/Documents/MCUXpressoIDE_11.2.1_4149/workspace/motor/lib\libCMSISv1p30_LPC13xx.a(system_LPC13xx.o)
